------ Wed Apr 15 10:37:00 AM IST 2026 ------
CPU Usage:
%Cpu(s):  0.0 us,  0.0 sy,  0.0 ni,100.0 id,  0.0 wa,  0.0 hi,  0.0 si,  0.0 st 
Memory Usage:
               total        used        free      shared  buff/cache   available
Mem:           4.3Gi       1.1Gi       1.6Gi        35Mi       1.9Gi       3.2Gi
Swap:             0B          0B          0B
Disk Usage:
Filesystem      Size  Used Avail Use% Mounted on
tmpfs           438M  1.5M  437M   1% /run
/dev/sda2        29G  6.3G   21G  24% /
tmpfs           2.2G     0  2.2G   0% /dev/shm
tmpfs           5.0M  8.0K  5.0M   1% /run/lock
Pictures        173G  151G   23G  88% /media/sf_Pictures
tmpfs           438M  124K  438M   1% /run/user/1000
Uptime:
 10:37:00 up 29 min,  1 user,  load average: 0.07, 0.14, 0.17
Logged In Users:
honeypanday seat0        2026-04-15 10:09 (login screen)
honeypanday tty2         2026-04-15 10:09 (tty2)

------ Wed Apr 15 10:55:01 AM IST 2026 ------
CPU Usage:
%Cpu(s):  0.0 us, 10.5 sy,  5.3 ni, 78.9 id,  2.6 wa,  0.0 hi,  2.6 si,  0.0 st 
Memory Usage:
               total        used        free      shared  buff/cache   available
Mem:           4.3Gi       1.1Gi       1.6Gi        35Mi       1.9Gi       3.2Gi
Swap:             0B          0B          0B
Disk Usage:
Filesystem      Size  Used Avail Use% Mounted on
tmpfs           438M  1.5M  437M   1% /run
/dev/sda2        29G  6.3G   21G  24% /
tmpfs           2.2G     0  2.2G   0% /dev/shm
tmpfs           5.0M  8.0K  5.0M   1% /run/lock
Pictures        173G  151G   23G  88% /media/sf_Pictures
tmpfs           438M  124K  438M   1% /run/user/1000
Uptime:
 10:55:01 up 47 min,  1 user,  load average: 0.17, 0.13, 0.15
Logged In Users:
honeypanday seat0        2026-04-15 10:09 (login screen)
honeypanday tty2         2026-04-15 10:09 (tty2)

------ Wed Apr 15 11:00:01 AM IST 2026 ------
CPU Usage:
%Cpu(s):  2.6 us,  7.7 sy,  2.6 ni, 82.1 id,  2.6 wa,  0.0 hi,  2.6 si,  0.0 st 
Memory Usage:
               total        used        free      shared  buff/cache   available
Mem:           4.3Gi       1.1Gi       1.6Gi        35Mi       1.9Gi       3.2Gi
Swap:             0B          0B          0B
Disk Usage:
Filesystem      Size  Used Avail Use% Mounted on
tmpfs           438M  1.5M  437M   1% /run
/dev/sda2        29G  6.3G   21G  24% /
tmpfs           2.2G     0  2.2G   0% /dev/shm
tmpfs           5.0M  8.0K  5.0M   1% /run/lock
Pictures        173G  151G   23G  88% /media/sf_Pictures
tmpfs           438M  124K  438M   1% /run/user/1000
Uptime:
 11:00:02 up 52 min,  1 user,  load average: 0.39, 0.20, 0.17
Logged In Users:
honeypanday seat0        2026-04-15 10:09 (login screen)
honeypanday tty2         2026-04-15 10:09 (tty2)

------ Wed Apr 15 11:05:01 AM IST 2026 ------
CPU Usage:
%Cpu(s):  9.1 us, 15.2 sy,  3.0 ni, 69.7 id,  3.0 wa,  0.0 hi,  0.0 si,  0.0 st 
Memory Usage:
               total        used        free      shared  buff/cache   available
Mem:           4.3Gi       1.1Gi       1.6Gi        35Mi       1.9Gi       3.2Gi
Swap:             0B          0B          0B
Disk Usage:
Filesystem      Size  Used Avail Use% Mounted on
tmpfs           438M  1.5M  437M   1% /run
/dev/sda2        29G  6.3G   21G  24% /
tmpfs           2.2G     0  2.2G   0% /dev/shm
tmpfs           5.0M  8.0K  5.0M   1% /run/lock
Pictures        173G  151G   23G  88% /media/sf_Pictures
tmpfs           438M  124K  438M   1% /run/user/1000
Uptime:
 11:05:01 up 57 min,  1 user,  load average: 0.11, 0.16, 0.16
Logged In Users:
honeypanday seat0        2026-04-15 10:09 (login screen)
honeypanday tty2         2026-04-15 10:09 (tty2)

------ Wed Apr 15 11:09:32 AM IST 2026 ------
CPU Usage:
%Cpu(s):  0.0 us,  2.4 sy,  0.0 ni, 97.6 id,  0.0 wa,  0.0 hi,  0.0 si,  0.0 st 
Memory Usage:
               total        used        free      shared  buff/cache   available
Mem:           4.3Gi       1.1Gi       1.6Gi        35Mi       1.9Gi       3.2Gi
Swap:             0B          0B          0B
Disk Usage:
Filesystem      Size  Used Avail Use% Mounted on
tmpfs           438M  1.5M  437M   1% /run
/dev/sda2        29G  6.3G   21G  24% /
tmpfs           2.2G     0  2.2G   0% /dev/shm
tmpfs           5.0M  8.0K  5.0M   1% /run/lock
Pictures        173G  151G   23G  88% /media/sf_Pictures
tmpfs           438M  124K  438M   1% /run/user/1000
Uptime:
 11:09:33 up  1:02,  1 user,  load average: 0.36, 0.21, 0.18
Logged In Users:
honeypanday seat0        2026-04-15 10:09 (login screen)
honeypanday tty2         2026-04-15 10:09 (tty2)

------ Wed Apr 15 11:10:01 AM IST 2026 ------
CPU Usage:
%Cpu(s):  2.6 us,  5.3 sy,  5.3 ni, 81.6 id,  5.3 wa,  0.0 hi,  0.0 si,  0.0 st 
Memory Usage:
               total        used        free      shared  buff/cache   available
Mem:           4.3Gi       1.1Gi       1.6Gi        35Mi       1.9Gi       3.2Gi
Swap:             0B          0B          0B
Disk Usage:
Filesystem      Size  Used Avail Use% Mounted on
tmpfs           438M  1.5M  437M   1% /run
/dev/sda2        29G  6.3G   21G  24% /
tmpfs           2.2G     0  2.2G   0% /dev/shm
tmpfs           5.0M  8.0K  5.0M   1% /run/lock
Pictures        173G  151G   23G  88% /media/sf_Pictures
tmpfs           438M  124K  438M   1% /run/user/1000
Uptime:
 11:10:01 up  1:02,  1 user,  load average: 0.27, 0.21, 0.18
Logged In Users:
honeypanday seat0        2026-04-15 10:09 (login screen)
honeypanday tty2         2026-04-15 10:09 (tty2)

------ Wed Apr 15 11:15:01 AM IST 2026 ------
CPU Usage:
%Cpu(s):  0.0 us,  5.3 sy,  5.3 ni, 81.6 id,  2.6 wa,  0.0 hi,  5.3 si,  0.0 st 
Memory Usage:
               total        used        free      shared  buff/cache   available
Mem:           4.3Gi       1.1Gi       1.6Gi        35Mi       1.9Gi       3.2Gi
Swap:             0B          0B          0B
Disk Usage:
Filesystem      Size  Used Avail Use% Mounted on
tmpfs           438M  1.5M  437M   1% /run
/dev/sda2        29G  6.3G   21G  24% /
tmpfs           2.2G     0  2.2G   0% /dev/shm
tmpfs           5.0M  8.0K  5.0M   1% /run/lock
Pictures        173G  151G   23G  88% /media/sf_Pictures
tmpfs           438M  124K  438M   1% /run/user/1000
Uptime:
 11:15:01 up  1:07,  1 user,  load average: 0.30, 0.18, 0.17
Logged In Users:
honeypanday seat0        2026-04-15 10:09 (login screen)
honeypanday tty2         2026-04-15 10:09 (tty2)

------ Wed Apr 15 11:20:02 AM IST 2026 ------
CPU Usage:
%Cpu(s):  0.0 us, 10.5 sy,  5.3 ni, 76.3 id,  7.9 wa,  0.0 hi,  0.0 si,  0.0 st 
Memory Usage:
               total        used        free      shared  buff/cache   available
Mem:           4.3Gi       1.1Gi       1.4Gi        30Mi       2.0Gi       3.1Gi
Swap:             0B          0B          0B
Disk Usage:
Filesystem      Size  Used Avail Use% Mounted on
tmpfs           438M  1.5M  437M   1% /run
/dev/sda2        29G  6.3G   21G  24% /
tmpfs           2.2G     0  2.2G   0% /dev/shm
tmpfs           5.0M  8.0K  5.0M   1% /run/lock
Pictures        173G  151G   22G  88% /media/sf_Pictures
tmpfs           438M  124K  438M   1% /run/user/1000
Uptime:
 11:20:02 up  1:12,  1 user,  load average: 0.22, 0.34, 0.25
Logged In Users:
honeypanday seat0        2026-04-15 10:09 (login screen)
honeypanday tty2         2026-04-15 10:09 (tty2)

------ Wed Apr 15 11:25:01 AM IST 2026 ------
CPU Usage:
%Cpu(s):  4.8 us, 14.3 sy,  7.1 ni, 69.0 id,  2.4 wa,  0.0 hi,  2.4 si,  0.0 st 
Memory Usage:
               total        used        free      shared  buff/cache   available
Mem:           4.3Gi       1.5Gi       233Mi        64Mi       2.8Gi       2.7Gi
Swap:             0B          0B          0B
Disk Usage:
Filesystem      Size  Used Avail Use% Mounted on
tmpfs           438M  1.6M  437M   1% /run
/dev/sda2        29G  6.3G   21G  24% /
tmpfs           2.2G     0  2.2G   0% /dev/shm
tmpfs           5.0M  8.0K  5.0M   1% /run/lock
Pictures        173G  152G   22G  88% /media/sf_Pictures
tmpfs           438M  132K  438M   1% /run/user/1000
Uptime:
 11:25:02 up  1:17,  1 user,  load average: 1.68, 0.63, 0.36
Logged In Users:
honeypanday seat0        2026-04-15 10:09 (login screen)
honeypanday tty2         2026-04-15 10:09 (tty2)

------ Wed Apr 15 11:30:01 AM IST 2026 ------
CPU Usage:
%Cpu(s):  0.0 us,  7.3 sy,  4.9 ni, 82.9 id,  4.9 wa,  0.0 hi,  0.0 si,  0.0 st 
Memory Usage:
               total        used        free      shared  buff/cache   available
Mem:           4.3Gi       1.2Gi       701Mi        31Mi       2.7Gi       3.1Gi
Swap:             0B          0B          0B
Disk Usage:
Filesystem      Size  Used Avail Use% Mounted on
tmpfs           438M  1.6M  437M   1% /run
/dev/sda2        29G  6.3G   21G  24% /
tmpfs           2.2G     0  2.2G   0% /dev/shm
tmpfs           5.0M  8.0K  5.0M   1% /run/lock
Pictures        173G  152G   22G  88% /media/sf_Pictures
tmpfs           438M  128K  438M   1% /run/user/1000
Uptime:
 11:30:01 up  1:22,  1 user,  load average: 0.24, 0.43, 0.35
Logged In Users:
honeypanday seat0        2026-04-15 10:09 (login screen)
honeypanday tty2         2026-04-15 10:09 (tty2)

------ Wed Apr 15 11:35:01 AM IST 2026 ------
CPU Usage:
%Cpu(s):  2.7 us,  8.1 sy,  5.4 ni, 81.1 id,  0.0 wa,  0.0 hi,  2.7 si,  0.0 st 
Memory Usage:
               total        used        free      shared  buff/cache   available
Mem:           4.3Gi       1.1Gi       730Mi        21Mi       2.7Gi       3.1Gi
Swap:             0B          0B          0B
Disk Usage:
Filesystem      Size  Used Avail Use% Mounted on
tmpfs           438M  1.6M  437M   1% /run
/dev/sda2        29G  6.3G   21G  24% /
tmpfs           2.2G     0  2.2G   0% /dev/shm
tmpfs           5.0M  8.0K  5.0M   1% /run/lock
Pictures        173G  152G   22G  88% /media/sf_Pictures
tmpfs           438M  128K  438M   1% /run/user/1000
Uptime:
 11:35:01 up  1:27,  1 user,  load average: 0.05, 0.22, 0.28
Logged In Users:
honeypanday seat0        2026-04-15 10:09 (login screen)
honeypanday tty2         2026-04-15 10:09 (tty2)

------ Wed Apr 15 11:40:01 AM IST 2026 ------
CPU Usage:
%Cpu(s): 17.1 us, 22.9 sy,  8.6 ni, 45.7 id,  2.9 wa,  0.0 hi,  2.9 si,  0.0 st 
Memory Usage:
               total        used        free      shared  buff/cache   available
Mem:           4.3Gi       1.1Gi       736Mi        21Mi       2.7Gi       3.2Gi
Swap:             0B          0B          0B
Disk Usage:
Filesystem      Size  Used Avail Use% Mounted on
tmpfs           438M  1.6M  437M   1% /run
/dev/sda2        29G  6.3G   21G  24% /
tmpfs           2.2G     0  2.2G   0% /dev/shm
tmpfs           5.0M  8.0K  5.0M   1% /run/lock
Pictures        173G  152G   22G  88% /media/sf_Pictures
tmpfs           438M  128K  438M   1% /run/user/1000
Uptime:
 11:40:02 up  1:32,  1 user,  load average: 0.19, 0.20, 0.25
Logged In Users:
honeypanday seat0        2026-04-15 10:09 (login screen)
honeypanday tty2         2026-04-15 10:09 (tty2)

------ Wed Apr 15 11:45:01 AM IST 2026 ------
CPU Usage:
%Cpu(s):  0.0 us, 10.0 sy,  5.0 ni, 80.0 id,  2.5 wa,  0.0 hi,  2.5 si,  0.0 st 
Memory Usage:
               total        used        free      shared  buff/cache   available
Mem:           4.3Gi       1.1Gi       727Mi        21Mi       2.7Gi       3.1Gi
Swap:             0B          0B          0B
Disk Usage:
Filesystem      Size  Used Avail Use% Mounted on
tmpfs           438M  1.6M  437M   1% /run
/dev/sda2        29G  6.3G   21G  24% /
tmpfs           2.2G     0  2.2G   0% /dev/shm
tmpfs           5.0M  8.0K  5.0M   1% /run/lock
Pictures        173G  152G   21G  88% /media/sf_Pictures
tmpfs           438M  128K  438M   1% /run/user/1000
Uptime:
 11:45:01 up  1:37,  1 user,  load average: 0.16, 0.19, 0.24
Logged In Users:
honeypanday seat0        2026-04-15 10:09 (login screen)
honeypanday tty2         2026-04-15 10:09 (tty2)

------ Wed Apr 15 11:50:01 AM IST 2026 ------
CPU Usage:
%Cpu(s):  2.6 us,  7.9 sy,  5.3 ni, 81.6 id,  0.0 wa,  0.0 hi,  2.6 si,  0.0 st 
Memory Usage:
               total        used        free      shared  buff/cache   available
Mem:           4.3Gi       1.1Gi       738Mi        21Mi       2.7Gi       3.2Gi
Swap:             0B          0B          0B
Disk Usage:
Filesystem      Size  Used Avail Use% Mounted on
tmpfs           438M  1.6M  437M   1% /run
/dev/sda2        29G  6.3G   21G  24% /
tmpfs           2.2G     0  2.2G   0% /dev/shm
tmpfs           5.0M  8.0K  5.0M   1% /run/lock
Pictures        173G  152G   21G  88% /media/sf_Pictures
tmpfs           438M  128K  438M   1% /run/user/1000
Uptime:
 11:50:01 up  1:42,  1 user,  load average: 0.36, 0.22, 0.22
Logged In Users:
honeypanday seat0        2026-04-15 10:09 (login screen)
honeypanday tty2         2026-04-15 10:09 (tty2)

------ Wed Apr 15 11:55:01 AM IST 2026 ------
CPU Usage:
%Cpu(s): 11.4 us, 22.9 sy, 11.4 ni, 48.6 id,  2.9 wa,  0.0 hi,  2.9 si,  0.0 st 
Memory Usage:
               total        used        free      shared  buff/cache   available
Mem:           4.3Gi       1.1Gi       726Mi        21Mi       2.7Gi       3.1Gi
Swap:             0B          0B          0B
Disk Usage:
Filesystem      Size  Used Avail Use% Mounted on
tmpfs           438M  1.6M  437M   1% /run
/dev/sda2        29G  6.3G   21G  24% /
tmpfs           2.2G     0  2.2G   0% /dev/shm
tmpfs           5.0M  8.0K  5.0M   1% /run/lock
Pictures        173G  152G   21G  88% /media/sf_Pictures
tmpfs           438M  128K  438M   1% /run/user/1000
Uptime:
 11:55:01 up  1:47,  1 user,  load average: 0.03, 0.16, 0.19
Logged In Users:
honeypanday seat0        2026-04-15 10:09 (login screen)
honeypanday tty2         2026-04-15 10:09 (tty2)

------ Wed Apr 15 12:00:01 PM IST 2026 ------
CPU Usage:
%Cpu(s): 13.2 us, 23.7 sy,  7.9 ni, 52.6 id,  2.6 wa,  0.0 hi,  0.0 si,  0.0 st 
Memory Usage:
               total        used        free      shared  buff/cache   available
Mem:           4.3Gi       1.1Gi       731Mi        22Mi       2.7Gi       3.2Gi
Swap:             0B          0B          0B
Disk Usage:
Filesystem      Size  Used Avail Use% Mounted on
tmpfs           438M  1.6M  437M   1% /run
/dev/sda2        29G  6.3G   21G  24% /
tmpfs           2.2G     0  2.2G   0% /dev/shm
tmpfs           5.0M  8.0K  5.0M   1% /run/lock
Pictures        173G  152G   21G  88% /media/sf_Pictures
tmpfs           438M  128K  438M   1% /run/user/1000
Uptime:
 12:00:01 up  1:52,  1 user,  load average: 0.15, 0.15, 0.18
Logged In Users:
honeypanday seat0        2026-04-15 10:09 (login screen)
honeypanday tty2         2026-04-15 10:09 (tty2)

------ Wed Apr 15 12:05:01 PM IST 2026 ------
CPU Usage:
%Cpu(s):  2.8 us, 11.1 sy,  5.6 ni, 77.8 id,  2.8 wa,  0.0 hi,  0.0 si,  0.0 st 
Memory Usage:
               total        used        free      shared  buff/cache   available
Mem:           4.3Gi       1.1Gi       712Mi        22Mi       2.7Gi       3.1Gi
Swap:             0B          0B          0B
Disk Usage:
Filesystem      Size  Used Avail Use% Mounted on
tmpfs           438M  1.6M  437M   1% /run
/dev/sda2        29G  6.3G   21G  24% /
tmpfs           2.2G     0  2.2G   0% /dev/shm
tmpfs           5.0M  8.0K  5.0M   1% /run/lock
Pictures        173G  152G   21G  88% /media/sf_Pictures
tmpfs           438M  128K  438M   1% /run/user/1000
Uptime:
 12:05:02 up  1:57,  1 user,  load average: 0.15, 0.13, 0.16
Logged In Users:
honeypanday seat0        2026-04-15 10:09 (login screen)
honeypanday tty2         2026-04-15 10:09 (tty2)

------ Wed Apr 15 12:10:01 PM IST 2026 ------
CPU Usage:
%Cpu(s):  2.5 us, 15.0 sy,  5.0 ni, 70.0 id,  5.0 wa,  0.0 hi,  2.5 si,  0.0 st 
Memory Usage:
               total        used        free      shared  buff/cache   available
Mem:           4.3Gi       1.1Gi       706Mi        22Mi       2.7Gi       3.1Gi
Swap:             0B          0B          0B
Disk Usage:
Filesystem      Size  Used Avail Use% Mounted on
tmpfs           438M  1.6M  437M   1% /run
/dev/sda2        29G  6.3G   21G  24% /
tmpfs           2.2G     0  2.2G   0% /dev/shm
tmpfs           5.0M  8.0K  5.0M   1% /run/lock
Pictures        173G  152G   21G  88% /media/sf_Pictures
tmpfs           438M  128K  438M   1% /run/user/1000
Uptime:
 12:10:02 up  2:02,  1 user,  load average: 0.42, 0.24, 0.20
Logged In Users:
honeypanday seat0        2026-04-15 10:09 (login screen)
honeypanday tty2         2026-04-15 10:09 (tty2)

------ Wed Apr 15 12:15:01 PM IST 2026 ------
CPU Usage:
%Cpu(s):  0.0 us,  5.6 sy,  8.3 ni, 83.3 id,  0.0 wa,  0.0 hi,  2.8 si,  0.0 st 
Memory Usage:
               total        used        free      shared  buff/cache   available
Mem:           4.3Gi       1.1Gi       717Mi        22Mi       2.7Gi       3.2Gi
Swap:             0B          0B          0B
Disk Usage:
Filesystem      Size  Used Avail Use% Mounted on
tmpfs           438M  1.6M  437M   1% /run
/dev/sda2        29G  6.3G   21G  24% /
tmpfs           2.2G     0  2.2G   0% /dev/shm
tmpfs           5.0M  8.0K  5.0M   1% /run/lock
Pictures        173G  152G   21G  88% /media/sf_Pictures
tmpfs           438M  128K  438M   1% /run/user/1000
Uptime:
 12:15:01 up  2:07,  1 user,  load average: 0.02, 0.15, 0.17
Logged In Users:
honeypanday seat0        2026-04-15 10:09 (login screen)
honeypanday tty2         2026-04-15 10:09 (tty2)

------ Wed Apr 15 12:20:01 PM IST 2026 ------
CPU Usage:
%Cpu(s):  2.6 us, 10.5 sy,  5.3 ni, 76.3 id,  2.6 wa,  0.0 hi,  2.6 si,  0.0 st 
Memory Usage:
               total        used        free      shared  buff/cache   available
Mem:           4.3Gi       1.1Gi       707Mi        22Mi       2.7Gi       3.1Gi
Swap:             0B          0B          0B
Disk Usage:
Filesystem      Size  Used Avail Use% Mounted on
tmpfs           438M  1.6M  437M   1% /run
/dev/sda2        29G  6.3G   21G  24% /
tmpfs           2.2G     0  2.2G   0% /dev/shm
tmpfs           5.0M  8.0K  5.0M   1% /run/lock
Pictures        173G  152G   21G  88% /media/sf_Pictures
tmpfs           438M  128K  438M   1% /run/user/1000
Uptime:
 12:20:01 up  2:12,  1 user,  load average: 0.39, 0.22, 0.18
Logged In Users:
honeypanday seat0        2026-04-15 10:09 (login screen)
honeypanday tty2         2026-04-15 10:09 (tty2)

------ Wed Apr 15 12:25:01 PM IST 2026 ------
CPU Usage:
%Cpu(s):  0.0 us,  8.3 sy,  5.6 ni, 80.6 id,  2.8 wa,  0.0 hi,  2.8 si,  0.0 st 
Memory Usage:
               total        used        free      shared  buff/cache   available
Mem:           4.3Gi       1.1Gi       697Mi        22Mi       2.7Gi       3.1Gi
Swap:             0B          0B          0B
Disk Usage:
Filesystem      Size  Used Avail Use% Mounted on
tmpfs           438M  1.6M  437M   1% /run
/dev/sda2        29G  6.3G   21G  24% /
tmpfs           2.2G     0  2.2G   0% /dev/shm
tmpfs           5.0M  8.0K  5.0M   1% /run/lock
Pictures        173G  152G   21G  88% /media/sf_Pictures
tmpfs           438M  128K  438M   1% /run/user/1000
Uptime:
 12:25:01 up  2:17,  1 user,  load average: 0.12, 0.13, 0.15
Logged In Users:
honeypanday seat0        2026-04-15 10:09 (login screen)
honeypanday tty2         2026-04-15 10:09 (tty2)

------ Wed Apr 15 12:30:01 PM IST 2026 ------
CPU Usage:
%Cpu(s):  0.0 us, 10.0 sy,  5.0 ni, 80.0 id,  2.5 wa,  0.0 hi,  2.5 si,  0.0 st 
Memory Usage:
               total        used        free      shared  buff/cache   available
Mem:           4.3Gi       1.1Gi       703Mi        22Mi       2.7Gi       3.1Gi
Swap:             0B          0B          0B
Disk Usage:
Filesystem      Size  Used Avail Use% Mounted on
tmpfs           438M  1.6M  437M   1% /run
/dev/sda2        29G  6.3G   21G  24% /
tmpfs           2.2G     0  2.2G   0% /dev/shm
tmpfs           5.0M  8.0K  5.0M   1% /run/lock
Pictures        173G  152G   21G  88% /media/sf_Pictures
tmpfs           438M  128K  438M   1% /run/user/1000
Uptime:
 12:30:01 up  2:22,  1 user,  load average: 0.38, 0.20, 0.17
Logged In Users:
honeypanday seat0        2026-04-15 10:09 (login screen)
honeypanday tty2         2026-04-15 10:09 (tty2)

------ Wed Apr 15 12:35:01 PM IST 2026 ------
CPU Usage:
%Cpu(s):  0.0 us, 10.8 sy,  8.1 ni, 81.1 id,  0.0 wa,  0.0 hi,  0.0 si,  0.0 st 
Memory Usage:
               total        used        free      shared  buff/cache   available
Mem:           4.3Gi       1.1Gi       702Mi        22Mi       2.7Gi       3.1Gi
Swap:             0B          0B          0B
Disk Usage:
Filesystem      Size  Used Avail Use% Mounted on
tmpfs           438M  1.6M  437M   1% /run
/dev/sda2        29G  6.3G   21G  24% /
tmpfs           2.2G     0  2.2G   0% /dev/shm
tmpfs           5.0M  8.0K  5.0M   1% /run/lock
Pictures        173G  152G   21G  88% /media/sf_Pictures
tmpfs           438M  128K  438M   1% /run/user/1000
Uptime:
 12:35:02 up  2:27,  1 user,  load average: 0.00, 0.09, 0.13
Logged In Users:
honeypanday seat0        2026-04-15 10:09 (login screen)
honeypanday tty2         2026-04-15 10:09 (tty2)

------ Wed Apr 15 12:40:01 PM IST 2026 ------
CPU Usage:
%Cpu(s): 12.9 us, 25.8 sy,  6.5 ni, 51.6 id,  0.0 wa,  0.0 hi,  3.2 si,  0.0 st 
Memory Usage:
               total        used        free      shared  buff/cache   available
Mem:           4.3Gi       1.1Gi       699Mi        22Mi       2.7Gi       3.1Gi
Swap:             0B          0B          0B
Disk Usage:
Filesystem      Size  Used Avail Use% Mounted on
tmpfs           438M  1.6M  437M   1% /run
/dev/sda2        29G  6.3G   21G  24% /
tmpfs           2.2G     0  2.2G   0% /dev/shm
tmpfs           5.0M  8.0K  5.0M   1% /run/lock
Pictures        173G  148G   25G  86% /media/sf_Pictures
tmpfs           438M  128K  438M   1% /run/user/1000
Uptime:
 12:40:01 up  2:32,  1 user,  load average: 0.29, 0.13, 0.11
Logged In Users:
honeypanday seat0        2026-04-15 10:09 (login screen)
honeypanday tty2         2026-04-15 10:09 (tty2)

------ Wed Apr 15 12:45:01 PM IST 2026 ------
CPU Usage:
%Cpu(s):  9.8 us, 12.2 sy,  9.8 ni, 65.9 id,  2.4 wa,  0.0 hi,  0.0 si,  0.0 st 
Memory Usage:
               total        used        free      shared  buff/cache   available
Mem:           4.3Gi       1.1Gi       695Mi        22Mi       2.7Gi       3.1Gi
Swap:             0B          0B          0B
Disk Usage:
Filesystem      Size  Used Avail Use% Mounted on
tmpfs           438M  1.6M  437M   1% /run
/dev/sda2        29G  6.3G   21G  24% /
tmpfs           2.2G     0  2.2G   0% /dev/shm
tmpfs           5.0M  8.0K  5.0M   1% /run/lock
Pictures        173G  148G   25G  86% /media/sf_Pictures
tmpfs           438M  128K  438M   1% /run/user/1000
Uptime:
 12:45:01 up  2:37,  1 user,  load average: 0.10, 0.09, 0.09
Logged In Users:
honeypanday seat0        2026-04-15 10:09 (login screen)
honeypanday tty2         2026-04-15 10:09 (tty2)

------ Wed Apr 15 12:50:01 PM IST 2026 ------
CPU Usage:
%Cpu(s):  0.0 us,  8.1 sy,  8.1 ni, 81.1 id,  2.7 wa,  0.0 hi,  0.0 si,  0.0 st 
Memory Usage:
               total        used        free      shared  buff/cache   available
Mem:           4.3Gi       1.1Gi       692Mi        22Mi       2.7Gi       3.1Gi
Swap:             0B          0B          0B
Disk Usage:
Filesystem      Size  Used Avail Use% Mounted on
tmpfs           438M  1.6M  437M   1% /run
/dev/sda2        29G  6.3G   21G  24% /
tmpfs           2.2G     0  2.2G   0% /dev/shm
tmpfs           5.0M  8.0K  5.0M   1% /run/lock
Pictures        173G  148G   25G  86% /media/sf_Pictures
tmpfs           438M  128K  438M   1% /run/user/1000
Uptime:
 12:50:01 up  2:42,  1 user,  load average: 0.16, 0.14, 0.10
Logged In Users:
honeypanday seat0        2026-04-15 10:09 (login screen)
honeypanday tty2         2026-04-15 10:09 (tty2)

------ Wed Apr 15 12:55:01 PM IST 2026 ------
CPU Usage:
%Cpu(s):  0.0 us,  5.4 sy,  5.4 ni, 86.5 id,  0.0 wa,  0.0 hi,  2.7 si,  0.0 st 
Memory Usage:
               total        used        free      shared  buff/cache   available
Mem:           4.3Gi       1.1Gi       706Mi        22Mi       2.7Gi       3.2Gi
Swap:             0B          0B          0B
Disk Usage:
Filesystem      Size  Used Avail Use% Mounted on
tmpfs           438M  1.6M  437M   1% /run
/dev/sda2        29G  6.3G   21G  24% /
tmpfs           2.2G     0  2.2G   0% /dev/shm
tmpfs           5.0M  8.0K  5.0M   1% /run/lock
Pictures        173G  148G   25G  86% /media/sf_Pictures
tmpfs           438M  128K  438M   1% /run/user/1000
Uptime:
 12:55:01 up  2:47,  1 user,  load average: 0.17, 0.18, 0.11
Logged In Users:
honeypanday seat0        2026-04-15 10:09 (login screen)
honeypanday tty2         2026-04-15 10:09 (tty2)

------ Wed Apr 15 01:00:01 PM IST 2026 ------
CPU Usage:
%Cpu(s):  1.8 us,  5.5 sy,  3.6 ni, 87.3 id,  1.8 wa,  0.0 hi,  0.0 si,  0.0 st 
Memory Usage:
               total        used        free      shared  buff/cache   available
Mem:           4.3Gi       1.1Gi       692Mi        22Mi       2.7Gi       3.1Gi
Swap:             0B          0B          0B
Disk Usage:
Filesystem      Size  Used Avail Use% Mounted on
tmpfs           438M  1.6M  437M   1% /run
/dev/sda2        29G  6.3G   21G  24% /
tmpfs           2.2G     0  2.2G   0% /dev/shm
tmpfs           5.0M  8.0K  5.0M   1% /run/lock
Pictures        173G  148G   25G  86% /media/sf_Pictures
tmpfs           438M  128K  438M   1% /run/user/1000
Uptime:
 13:00:01 up  2:52,  1 user,  load average: 0.15, 0.12, 0.09
Logged In Users:
honeypanday seat0        2026-04-15 10:09 (login screen)
honeypanday tty2         2026-04-15 10:09 (tty2)

------ Wed Apr 15 01:05:01 PM IST 2026 ------
CPU Usage:
%Cpu(s):  2.5 us, 15.0 sy,  5.0 ni, 72.5 id,  2.5 wa,  0.0 hi,  2.5 si,  0.0 st 
Memory Usage:
               total        used        free      shared  buff/cache   available
Mem:           4.3Gi       1.1Gi       696Mi        22Mi       2.7Gi       3.1Gi
Swap:             0B          0B          0B
Disk Usage:
Filesystem      Size  Used Avail Use% Mounted on
tmpfs           438M  1.6M  437M   1% /run
/dev/sda2        29G  6.3G   21G  24% /
tmpfs           2.2G     0  2.2G   0% /dev/shm
tmpfs           5.0M  8.0K  5.0M   1% /run/lock
Pictures        173G  148G   25G  86% /media/sf_Pictures
tmpfs           438M  128K  438M   1% /run/user/1000
Uptime:
 13:05:02 up  2:57,  1 user,  load average: 0.50, 0.26, 0.16
Logged In Users:
honeypanday seat0        2026-04-15 10:09 (login screen)
honeypanday tty2         2026-04-15 10:09 (tty2)

------ Wed Apr 15 01:10:01 PM IST 2026 ------
CPU Usage:
%Cpu(s):  0.0 us,  8.1 sy,  5.4 ni, 81.1 id,  2.7 wa,  0.0 hi,  2.7 si,  0.0 st 
Memory Usage:
               total        used        free      shared  buff/cache   available
Mem:           4.3Gi       1.1Gi       701Mi        22Mi       2.7Gi       3.2Gi
Swap:             0B          0B          0B
Disk Usage:
Filesystem      Size  Used Avail Use% Mounted on
tmpfs           438M  1.6M  437M   1% /run
/dev/sda2        29G  6.3G   21G  24% /
tmpfs           2.2G     0  2.2G   0% /dev/shm
tmpfs           5.0M  8.0K  5.0M   1% /run/lock
Pictures        173G  148G   25G  86% /media/sf_Pictures
tmpfs           438M  128K  438M   1% /run/user/1000
Uptime:
 13:10:02 up  3:02,  1 user,  load average: 0.43, 0.27, 0.19
Logged In Users:
honeypanday seat0        2026-04-15 10:09 (login screen)
honeypanday tty2         2026-04-15 10:09 (tty2)

------ Wed Apr 15 01:15:01 PM IST 2026 ------
CPU Usage:
%Cpu(s):  0.0 us,  8.3 sy,  5.6 ni, 77.8 id,  5.6 wa,  0.0 hi,  2.8 si,  0.0 st 
Memory Usage:
               total        used        free      shared  buff/cache   available
Mem:           4.3Gi       1.1Gi       703Mi        22Mi       2.7Gi       3.2Gi
Swap:             0B          0B          0B
Disk Usage:
Filesystem      Size  Used Avail Use% Mounted on
tmpfs           438M  1.6M  437M   1% /run
/dev/sda2        29G  6.3G   21G  24% /
tmpfs           2.2G     0  2.2G   0% /dev/shm
tmpfs           5.0M  8.0K  5.0M   1% /run/lock
Pictures        173G  148G   25G  86% /media/sf_Pictures
tmpfs           438M  128K  438M   1% /run/user/1000
Uptime:
 13:15:02 up  3:07,  1 user,  load average: 0.22, 0.33, 0.24
Logged In Users:
honeypanday seat0        2026-04-15 10:09 (login screen)
honeypanday tty2         2026-04-15 10:09 (tty2)

------ Wed Apr 15 01:20:01 PM IST 2026 ------
CPU Usage:
%Cpu(s):  2.6 us, 10.3 sy,  2.6 ni, 79.5 id,  2.6 wa,  0.0 hi,  2.6 si,  0.0 st 
Memory Usage:
               total        used        free      shared  buff/cache   available
Mem:           4.3Gi       1.1Gi       699Mi        22Mi       2.7Gi       3.2Gi
Swap:             0B          0B          0B
Disk Usage:
Filesystem      Size  Used Avail Use% Mounted on
tmpfs           438M  1.6M  437M   1% /run
/dev/sda2        29G  6.3G   21G  24% /
tmpfs           2.2G     0  2.2G   0% /dev/shm
tmpfs           5.0M  8.0K  5.0M   1% /run/lock
Pictures        173G  148G   25G  86% /media/sf_Pictures
tmpfs           438M  128K  438M   1% /run/user/1000
Uptime:
 13:20:01 up  3:12,  1 user,  load average: 0.12, 0.17, 0.18
Logged In Users:
honeypanday seat0        2026-04-15 10:09 (login screen)
honeypanday tty2         2026-04-15 10:09 (tty2)

------ Wed Apr 15 01:25:01 PM IST 2026 ------
CPU Usage:
%Cpu(s):  0.0 us,  5.3 sy,  5.3 ni, 84.2 id,  2.6 wa,  0.0 hi,  2.6 si,  0.0 st 
Memory Usage:
               total        used        free      shared  buff/cache   available
Mem:           4.3Gi       1.2Gi       636Mi        31Mi       2.7Gi       3.1Gi
Swap:             0B          0B          0B
Disk Usage:
Filesystem      Size  Used Avail Use% Mounted on
tmpfs           438M  1.6M  437M   1% /run
/dev/sda2        29G  6.3G   21G  24% /
tmpfs           2.2G     0  2.2G   0% /dev/shm
tmpfs           5.0M  8.0K  5.0M   1% /run/lock
Pictures        173G  148G   25G  86% /media/sf_Pictures
tmpfs           438M  132K  438M   1% /run/user/1000
Uptime:
 13:25:01 up  3:17,  1 user,  load average: 0.27, 0.25, 0.20
Logged In Users:
honeypanday seat0        2026-04-15 10:09 (login screen)
honeypanday tty2         2026-04-15 10:09 (tty2)

------ Wed Apr 15 01:30:01 PM IST 2026 ------
CPU Usage:
%Cpu(s):  0.0 us, 11.4 sy,  5.7 ni, 77.1 id,  2.9 wa,  0.0 hi,  2.9 si,  0.0 st 
Memory Usage:
               total        used        free      shared  buff/cache   available
Mem:           4.3Gi       1.2Gi       657Mi        22Mi       2.7Gi       3.1Gi
Swap:             0B          0B          0B
Disk Usage:
Filesystem      Size  Used Avail Use% Mounted on
tmpfs           438M  1.6M  437M   1% /run
/dev/sda2        29G  6.3G   21G  24% /
tmpfs           2.2G     0  2.2G   0% /dev/shm
tmpfs           5.0M  8.0K  5.0M   1% /run/lock
Pictures        173G  148G   25G  86% /media/sf_Pictures
tmpfs           438M  132K  438M   1% /run/user/1000
Uptime:
 13:30:01 up  3:22,  1 user,  load average: 0.06, 0.18, 0.18
Logged In Users:
honeypanday seat0        2026-04-15 10:09 (login screen)
honeypanday tty2         2026-04-15 10:09 (tty2)

------ Wed Apr 15 01:35:01 PM IST 2026 ------
CPU Usage:
%Cpu(s):  0.0 us,  5.1 sy,  5.1 ni, 84.6 id,  2.6 wa,  0.0 hi,  2.6 si,  0.0 st 
Memory Usage:
               total        used        free      shared  buff/cache   available
Mem:           4.3Gi       1.1Gi       663Mi        22Mi       2.7Gi       3.1Gi
Swap:             0B          0B          0B
Disk Usage:
Filesystem      Size  Used Avail Use% Mounted on
tmpfs           438M  1.6M  437M   1% /run
/dev/sda2        29G  6.3G   21G  24% /
tmpfs           2.2G     0  2.2G   0% /dev/shm
tmpfs           5.0M  8.0K  5.0M   1% /run/lock
Pictures        173G  149G   25G  86% /media/sf_Pictures
tmpfs           438M  132K  438M   1% /run/user/1000
Uptime:
 13:35:01 up  3:27,  1 user,  load average: 0.16, 0.26, 0.22
Logged In Users:
honeypanday seat0        2026-04-15 10:09 (login screen)
honeypanday tty2         2026-04-15 10:09 (tty2)

------ Wed Apr 15 01:40:02 PM IST 2026 ------
CPU Usage:
%Cpu(s):  2.5 us, 10.0 sy,  5.0 ni, 77.5 id,  2.5 wa,  0.0 hi,  2.5 si,  0.0 st 
Memory Usage:
               total        used        free      shared  buff/cache   available
Mem:           4.3Gi       1.2Gi       654Mi        22Mi       2.7Gi       3.1Gi
Swap:             0B          0B          0B
Disk Usage:
Filesystem      Size  Used Avail Use% Mounted on
tmpfs           438M  1.6M  437M   1% /run
/dev/sda2        29G  6.3G   21G  24% /
tmpfs           2.2G     0  2.2G   0% /dev/shm
tmpfs           5.0M  8.0K  5.0M   1% /run/lock
Pictures        173G  149G   25G  86% /media/sf_Pictures
tmpfs           438M  132K  438M   1% /run/user/1000
Uptime:
 13:40:02 up  3:32,  1 user,  load average: 0.18, 0.22, 0.20
Logged In Users:
honeypanday seat0        2026-04-15 10:09 (login screen)
honeypanday tty2         2026-04-15 10:09 (tty2)

------ Wed Apr 15 01:45:01 PM IST 2026 ------
CPU Usage:
%Cpu(s):  9.1 us, 21.2 sy,  3.0 ni, 60.6 id,  3.0 wa,  0.0 hi,  3.0 si,  0.0 st 
Memory Usage:
               total        used        free      shared  buff/cache   available
Mem:           4.3Gi       1.2Gi       654Mi        22Mi       2.7Gi       3.1Gi
Swap:             0B          0B          0B
Disk Usage:
Filesystem      Size  Used Avail Use% Mounted on
tmpfs           438M  1.6M  437M   1% /run
/dev/sda2        29G  6.3G   21G  24% /
tmpfs           2.2G     0  2.2G   0% /dev/shm
tmpfs           5.0M  8.0K  5.0M   1% /run/lock
Pictures        173G  151G   23G  88% /media/sf_Pictures
tmpfs           438M  132K  438M   1% /run/user/1000
Uptime:
 13:45:02 up  3:37,  1 user,  load average: 0.27, 0.23, 0.20
Logged In Users:
honeypanday seat0        2026-04-15 10:09 (login screen)
honeypanday tty2         2026-04-15 10:09 (tty2)

------ Wed Apr 15 01:50:01 PM IST 2026 ------
CPU Usage:
%Cpu(s):  0.0 us,  5.7 sy,  2.9 ni, 85.7 id,  5.7 wa,  0.0 hi,  0.0 si,  0.0 st 
Memory Usage:
               total        used        free      shared  buff/cache   available
Mem:           4.3Gi       1.1Gi       658Mi        22Mi       2.7Gi       3.1Gi
Swap:             0B          0B          0B
Disk Usage:
Filesystem      Size  Used Avail Use% Mounted on
tmpfs           438M  1.6M  437M   1% /run
/dev/sda2        29G  6.3G   21G  24% /
tmpfs           2.2G     0  2.2G   0% /dev/shm
tmpfs           5.0M  8.0K  5.0M   1% /run/lock
Pictures        173G  152G   22G  88% /media/sf_Pictures
tmpfs           438M  132K  438M   1% /run/user/1000
Uptime:
 13:50:01 up  3:42,  1 user,  load average: 0.66, 0.30, 0.22
Logged In Users:
honeypanday seat0        2026-04-15 10:09 (login screen)
honeypanday tty2         2026-04-15 10:09 (tty2)

------ Wed Apr 15 01:55:01 PM IST 2026 ------
CPU Usage:
%Cpu(s):  2.4 us,  9.5 sy,  7.1 ni, 76.2 id,  2.4 wa,  0.0 hi,  2.4 si,  0.0 st 
Memory Usage:
               total        used        free      shared  buff/cache   available
Mem:           4.3Gi       1.2Gi       648Mi        22Mi       2.7Gi       3.1Gi
Swap:             0B          0B          0B
Disk Usage:
Filesystem      Size  Used Avail Use% Mounted on
tmpfs           438M  1.6M  437M   1% /run
/dev/sda2        29G  6.3G   21G  24% /
tmpfs           2.2G     0  2.2G   0% /dev/shm
tmpfs           5.0M  8.0K  5.0M   1% /run/lock
Pictures        173G  152G   22G  88% /media/sf_Pictures
tmpfs           438M  132K  438M   1% /run/user/1000
Uptime:
 13:55:01 up  3:47,  1 user,  load average: 0.15, 0.22, 0.19
Logged In Users:
honeypanday seat0        2026-04-15 10:09 (login screen)
honeypanday tty2         2026-04-15 10:09 (tty2)

------ Wed Apr 15 02:00:01 PM IST 2026 ------
CPU Usage:
%Cpu(s):  6.5 us, 22.6 sy,  6.5 ni, 58.1 id,  3.2 wa,  0.0 hi,  3.2 si,  0.0 st 
Memory Usage:
               total        used        free      shared  buff/cache   available
Mem:           4.3Gi       1.2Gi       654Mi        22Mi       2.7Gi       3.1Gi
Swap:             0B          0B          0B
Disk Usage:
Filesystem      Size  Used Avail Use% Mounted on
tmpfs           438M  1.6M  437M   1% /run
/dev/sda2        29G  6.3G   21G  24% /
tmpfs           2.2G     0  2.2G   0% /dev/shm
tmpfs           5.0M  8.0K  5.0M   1% /run/lock
Pictures        173G  152G   22G  88% /media/sf_Pictures
tmpfs           438M  132K  438M   1% /run/user/1000
Uptime:
 14:00:01 up  3:52,  1 user,  load average: 0.07, 0.12, 0.15
Logged In Users:
honeypanday seat0        2026-04-15 10:09 (login screen)
honeypanday tty2         2026-04-15 10:09 (tty2)

------ Wed Apr 15 02:05:01 PM IST 2026 ------
CPU Usage:
%Cpu(s):  2.9 us,  8.6 sy,  2.9 ni, 80.0 id,  2.9 wa,  0.0 hi,  2.9 si,  0.0 st 
Memory Usage:
               total        used        free      shared  buff/cache   available
Mem:           4.3Gi       1.2Gi       654Mi        22Mi       2.7Gi       3.1Gi
Swap:             0B          0B          0B
Disk Usage:
Filesystem      Size  Used Avail Use% Mounted on
tmpfs           438M  1.6M  437M   1% /run
/dev/sda2        29G  6.3G   21G  24% /
tmpfs           2.2G     0  2.2G   0% /dev/shm
tmpfs           5.0M  8.0K  5.0M   1% /run/lock
Pictures        173G  152G   22G  88% /media/sf_Pictures
tmpfs           438M  132K  438M   1% /run/user/1000
Uptime:
 14:05:01 up  3:57,  1 user,  load average: 0.09, 0.13, 0.15
Logged In Users:
honeypanday seat0        2026-04-15 10:09 (login screen)
honeypanday tty2         2026-04-15 10:09 (tty2)

------ Wed Apr 15 02:20:01 PM IST 2026 ------
CPU Usage:
%Cpu(s):  0.0 us,  7.9 sy,  2.6 ni, 84.2 id,  2.6 wa,  0.0 hi,  2.6 si,  0.0 st 
Memory Usage:
               total        used        free      shared  buff/cache   available
Mem:           4.3Gi       1.0Gi       2.2Gi        30Mi       1.3Gi       3.3Gi
Swap:             0B          0B          0B
Disk Usage:
Filesystem      Size  Used Avail Use% Mounted on
tmpfs           438M  1.5M  437M   1% /run
/dev/sda2        29G  6.3G   21G  24% /
tmpfs           2.2G     0  2.2G   0% /dev/shm
tmpfs           5.0M  8.0K  5.0M   1% /run/lock
Pictures        173G  148G   25G  86% /media/sf_Pictures
tmpfs           438M  120K  438M   1% /run/user/1000
Uptime:
 14:20:01 up 1 min,  1 user,  load average: 1.41, 0.69, 0.26
Logged In Users:
honeypanday seat0        2026-04-15 14:18 (login screen)
honeypanday tty2         2026-04-15 14:18 (tty2)

------ Wed Apr 15 08:35:01 PM IST 2026 ------
CPU Usage:
%Cpu(s): 18.4 us, 21.1 sy,  0.0 ni, 55.3 id,  2.6 wa,  0.0 hi,  2.6 si,  0.0 st 
Memory Usage:
               total        used        free      shared  buff/cache   available
Mem:           4.3Gi       1.5Gi       757Mi        72Mi       2.3Gi       2.8Gi
Swap:             0B          0B          0B
Disk Usage:
Filesystem      Size  Used Avail Use% Mounted on
tmpfs           438M  1.6M  437M   1% /run
/dev/sda2        29G  6.4G   21G  24% /
tmpfs           2.2G     0  2.2G   0% /dev/shm
tmpfs           5.0M  8.0K  5.0M   1% /run/lock
Pictures        173G  149G   24G  87% /media/sf_Pictures
tmpfs           438M  124K  438M   1% /run/user/1000
Uptime:
 20:35:01 up 4 min,  1 user,  load average: 1.72, 1.01, 0.46
Logged In Users:
honeypanday seat0        2026-04-15 20:33 (login screen)
honeypanday tty2         2026-04-15 20:33 (tty2)

------ Wed Apr 15 08:40:01 PM IST 2026 ------
CPU Usage:
%Cpu(s): 14.3 us, 25.7 sy,  5.7 ni, 45.7 id,  2.9 wa,  0.0 hi,  5.7 si,  0.0 st 
Memory Usage:
               total        used        free      shared  buff/cache   available
Mem:           4.3Gi       1.9Gi       140Mi        73Mi       2.3Gi       2.3Gi
Swap:             0B          0B          0B
Disk Usage:
Filesystem      Size  Used Avail Use% Mounted on
tmpfs           438M  1.5M  437M   1% /run
/dev/sda2        29G  6.5G   21G  25% /
tmpfs           2.2G     0  2.2G   0% /dev/shm
tmpfs           5.0M  8.0K  5.0M   1% /run/lock
Pictures        173G  149G   24G  87% /media/sf_Pictures
tmpfs           438M  128K  438M   1% /run/user/1000
Uptime:
 20:40:01 up 9 min,  1 user,  load average: 1.31, 1.33, 0.78
Logged In Users:
honeypanday seat0        2026-04-15 20:33 (login screen)
honeypanday tty2         2026-04-15 20:33 (tty2)

------ Wed Apr 15 08:45:01 PM IST 2026 ------
CPU Usage:
%Cpu(s):  0.0 us, 18.4 sy,  2.6 ni, 73.7 id,  2.6 wa,  0.0 hi,  2.6 si,  0.0 st 
Memory Usage:
               total        used        free      shared  buff/cache   available
Mem:           4.3Gi       2.0Gi       115Mi        76Mi       2.2Gi       2.3Gi
Swap:             0B          0B          0B
Disk Usage:
Filesystem      Size  Used Avail Use% Mounted on
tmpfs           438M  1.6M  437M   1% /run
/dev/sda2        29G  6.5G   21G  25% /
tmpfs           2.2G     0  2.2G   0% /dev/shm
tmpfs           5.0M  8.0K  5.0M   1% /run/lock
Pictures        173G  149G   24G  87% /media/sf_Pictures
tmpfs           438M  132K  438M   1% /run/user/1000
Uptime:
 20:45:01 up 14 min,  1 user,  load average: 1.45, 1.52, 1.03
Logged In Users:
honeypanday seat0        2026-04-15 20:33 (login screen)
honeypanday tty2         2026-04-15 20:33 (tty2)

------ Sun Apr 19 03:00:01 PM IST 2026 ------
CPU Usage:
%Cpu(s):  0.0 us, 10.8 sy,  5.4 ni, 78.4 id,  2.7 wa,  0.0 hi,  2.7 si,  0.0 st 
Memory Usage:
               total        used        free      shared  buff/cache   available
Mem:           4.3Gi       1.1Gi       2.0Gi        35Mi       1.4Gi       3.2Gi
Swap:             0B          0B          0B
Disk Usage:
Filesystem      Size  Used Avail Use% Mounted on
tmpfs           438M  1.5M  437M   1% /run
/dev/sda2        29G  6.6G   21G  25% /
tmpfs           2.2G     0  2.2G   0% /dev/shm
tmpfs           5.0M  8.0K  5.0M   1% /run/lock
Pictures        455G  169G  286G  38% /media/sf_Pictures
tmpfs           438M  128K  438M   1% /run/user/1000
Uptime:
 15:00:01 up 2 min,  1 user,  load average: 0.32, 0.20, 0.09
Logged In Users:
honeypanday seat0        2026-04-19 14:58 (login screen)
honeypanday tty2         2026-04-19 14:58 (tty2)

------ Sun Apr 19 03:05:01 PM IST 2026 ------
CPU Usage:
%Cpu(s):  0.0 us,  5.1 sy,  5.1 ni, 87.2 id,  2.6 wa,  0.0 hi,  0.0 si,  0.0 st 
Memory Usage:
               total        used        free      shared  buff/cache   available
Mem:           4.3Gi       1.1Gi       2.0Gi        35Mi       1.4Gi       3.2Gi
Swap:             0B          0B          0B
Disk Usage:
Filesystem      Size  Used Avail Use% Mounted on
tmpfs           438M  1.5M  437M   1% /run
/dev/sda2        29G  6.6G   21G  25% /
tmpfs           2.2G     0  2.2G   0% /dev/shm
tmpfs           5.0M  8.0K  5.0M   1% /run/lock
Pictures        455G  169G  286G  38% /media/sf_Pictures
tmpfs           438M  128K  438M   1% /run/user/1000
Uptime:
 15:05:01 up 7 min,  1 user,  load average: 0.26, 0.21, 0.11
Logged In Users:
honeypanday seat0        2026-04-19 14:58 (login screen)
honeypanday tty2         2026-04-19 14:58 (tty2)

